// Jest Snapshot v1, https://goo.gl/fbAQLP

exports[`AuthForm should render correctly 1`] = `
<div>
  <form
    action="#"
    class="login__form form"
    method="post"
  >
    <div
      class="login__input-wrapper form__input-wrapper"
    >
      <label
        class="visually-hidden"
        for="email"
      >
        E-mail
      </label>
      <input
        class="login__input form__input"
        id="email"
        name="email"
        placeholder="Email"
        required=""
        type="email"
      />
    </div>
    <div
      class="login__input-wrapper form__input-wrapper"
    >
      <label
        class="visually-hidden"
        for="password"
      >
        Password
      </label>
      <input
        class="login__input form__input"
        id="password"
        name="password"
        placeholder="Password"
        required=""
        type="password"
      />
    </div>
    <button
      class="login__submit form__submit button"
      type="submit"
    >
      Sign in
    </button>
  </form>
</div>
`;
